// Jest Snapshot v1, https://goo.gl/fbAQLP

exports[`ConvertPage can synthesize 1`] = `
"{
  \\"data\\": {
    \\"aws_ecr_authorization_token\\": {
      \\"convert_ecr-repo_ecr-repository-token_52EB0F01\\": {
        \\"depends_on\\": [
          \\"aws_ecr_repository.convert_ecr-repo_ecr-repository_9D2F63EC\\"
        ]
      }
    },
    \\"external\\": {
      \\"convert_dev-test-convert_asset_image_external_879C8C95\\": {
        \\"depends_on\\": [
          \\"null_resource.convert_dev-test-convert_asset_buildAndPush_AEAE8A88\\"
        ],
        \\"program\\": [
          \\"node\\",
          \\"assets/convert_dev-test-convert_asset_image_data-source-asset_60700462/2EAD8044CEA5DDF4986E4E6365900403/c89894757277234d83ae8ae954dc3ccd975559f1c1-data-source.js\\"
        ],
        \\"query\\": {
          \\"password\\": \\"\${data.aws_ecr_authorization_token.convert_ecr-repo_ecr-repository-token_52EB0F01.password}\\",
          \\"repositoryUrl\\": \\"\${aws_ecr_repository.convert_ecr-repo_ecr-repository_9D2F63EC.repository_url}\\",
          \\"username\\": \\"\${data.aws_ecr_authorization_token.convert_ecr-repo_ecr-repository-token_52EB0F01.user_name}\\"
        }
      }
    }
  },
  \\"output\\": {
    \\"convert-backend-url\\": {
      \\"value\\": \\"\${aws_apigatewayv2_api.convert_api_4B4E7BD2.api_endpoint}\\"
    },
    \\"convert-frontend-url\\": {
      \\"value\\": \\"https://\${aws_cloudfront_distribution.frontend_cf_6C82FC12.domain_name}\\"
    },
    \\"convert_dev-test-convert_dev-test-convert-c8b1a291063ff854ee83cd8f744bf6af42b7d37933-lambda-arn_CC0030FF\\": {
      \\"value\\": \\"\${aws_lambda_function.convert_dev-test-convert_fn_7EBED535.arn}\\"
    },
    \\"convert_dev-test-convert_ecr-url_2F3FCE48\\": {
      \\"value\\": \\"\${aws_ecr_repository.convert_ecr-repo_ecr-repository_9D2F63EC.repository_url}@\${data.external.convert_dev-test-convert_asset_image_external_879C8C95.result[\\\\\\"sha256Digest\\\\\\"]}\\"
    },
    \\"convert_dev-test-convert_lambda-arn_8D29DB5F\\": {
      \\"value\\": \\"\${aws_lambda_function.convert_dev-test-convert_fn_7EBED535.arn}\\"
    }
  },
  \\"provider\\": {
    \\"aws\\": [
      {
        \\"region\\": \\"eu-central-1\\"
      }
    ],
    \\"external\\": [
      {
      }
    ],
    \\"null\\": [
      {
      }
    ]
  },
  \\"resource\\": {
    \\"aws_apigatewayv2_api\\": {
      \\"convert_api_4B4E7BD2\\": {
        \\"cors_configuration\\": {
          \\"allow_headers\\": [
            \\"content-type\\"
          ],
          \\"allow_methods\\": [
            \\"*\\"
          ],
          \\"allow_origins\\": [
            \\"*\\"
          ]
        },
        \\"name\\": \\"dev-test-convert-api\\",
        \\"protocol_type\\": \\"HTTP\\",
        \\"target\\": \\"\${aws_lambda_function.convert_dev-test-convert_fn_7EBED535.arn}\\"
      }
    },
    \\"aws_cloudfront_distribution\\": {
      \\"frontend_cf_6C82FC12\\": {
        \\"comment\\": \\"dev-test convert frontend\\",
        \\"default_cache_behavior\\": {
          \\"allowed_methods\\": [
            \\"DELETE\\",
            \\"GET\\",
            \\"HEAD\\",
            \\"OPTIONS\\",
            \\"PATCH\\",
            \\"POST\\",
            \\"PUT\\"
          ],
          \\"cached_methods\\": [
            \\"HEAD\\",
            \\"GET\\",
            \\"OPTIONS\\"
          ],
          \\"forwarded_values\\": {
            \\"cookies\\": {
              \\"forward\\": \\"none\\"
            },
            \\"query_string\\": false
          },
          \\"target_origin_id\\": \\"s3Origin\\",
          \\"viewer_protocol_policy\\": \\"redirect-to-https\\"
        },
        \\"default_root_object\\": \\"index.html\\",
        \\"enabled\\": true,
        \\"logging_config\\": {
          \\"bucket\\": \\"\${aws_s3_bucket.frontend_loggingbycket_5D2A07E7.bucket_domain_name}\\"
        },
        \\"ordered_cache_behavior\\": [
          {
            \\"allowed_methods\\": [
              \\"DELETE\\",
              \\"GET\\",
              \\"HEAD\\",
              \\"OPTIONS\\",
              \\"PATCH\\",
              \\"POST\\",
              \\"PUT\\"
            ],
            \\"cached_methods\\": [
              \\"HEAD\\",
              \\"GET\\",
              \\"OPTIONS\\"
            ],
            \\"forwarded_values\\": {
              \\"cookies\\": {
                \\"forward\\": \\"none\\"
              },
              \\"query_string\\": true
            },
            \\"path_pattern\\": \\"/convert/*\\",
            \\"target_origin_id\\": \\"lambda\\",
            \\"viewer_protocol_policy\\": \\"redirect-to-https\\"
          },
          {
            \\"allowed_methods\\": [
              \\"DELETE\\",
              \\"GET\\",
              \\"HEAD\\",
              \\"OPTIONS\\",
              \\"PATCH\\",
              \\"POST\\",
              \\"PUT\\"
            ],
            \\"cached_methods\\": [
              \\"HEAD\\",
              \\"GET\\",
              \\"OPTIONS\\"
            ],
            \\"forwarded_values\\": {
              \\"cookies\\": {
                \\"forward\\": \\"none\\"
              },
              \\"query_string\\": true
            },
            \\"path_pattern\\": \\"/*\\",
            \\"target_origin_id\\": \\"s3Origin\\",
            \\"viewer_protocol_policy\\": \\"redirect-to-https\\"
          }
        ],
        \\"origin\\": [
          {
            \\"custom_origin_config\\": {
              \\"http_port\\": 80,
              \\"https_port\\": 443,
              \\"origin_protocol_policy\\": \\"https-only\\",
              \\"origin_ssl_protocols\\": [
                \\"TLSv1.2\\",
                \\"TLSv1.1\\",
                \\"TLSv1\\"
              ]
            },
            \\"domain_name\\": \\"\${aws_s3_bucket_website_configuration.frontend_website-configuration_53A72F76.website_endpoint}\\",
            \\"origin_id\\": \\"s3Origin\\"
          },
          {
            \\"custom_origin_config\\": {
              \\"http_port\\": 80,
              \\"https_port\\": 443,
              \\"origin_protocol_policy\\": \\"https-only\\",
              \\"origin_ssl_protocols\\": [
                \\"TLSv1.2\\",
                \\"TLSv1.1\\",
                \\"TLSv1\\"
              ]
            },
            \\"domain_name\\": \\"\${replace(aws_apigatewayv2_api.convert_api_4B4E7BD2.api_endpoint, \\\\\\"https://\\\\\\", \\\\\\"\\\\\\")}\\",
            \\"origin_id\\": \\"lambda\\"
          }
        ],
        \\"restrictions\\": {
          \\"geo_restriction\\": {
            \\"restriction_type\\": \\"none\\"
          }
        },
        \\"viewer_certificate\\": {
          \\"cloudfront_default_certificate\\": true
        }
      }
    },
    \\"aws_cloudwatch_log_group\\": {
      \\"convert_dev-test-convert_snoop-log-group_60ACED10\\": {
        \\"name\\": \\"/aws/lambda/dev-test-convert-c8b1a291063ff854ee83cd8f744bf6af42b7d37933\\",
        \\"retention_in_days\\": 7
      }
    },
    \\"aws_ecr_repository\\": {
      \\"convert_ecr-repo_ecr-repository_9D2F63EC\\": {
        \\"name\\": \\"dev-test-convert\\"
      }
    },
    \\"aws_iam_policy\\": {
      \\"convert_dev-test-convert_server-role_role-policy_ED21D8DA\\": {
        \\"name\\": \\"c8bcd3d089a1134b24ca93de75a9e073893b022bdf-role-policy\\",
        \\"path\\": \\"/\\",
        \\"policy\\": \\"{\\\\\\"Version\\\\\\":\\\\\\"2012-10-17\\\\\\",\\\\\\"Statement\\\\\\":[{\\\\\\"Action\\\\\\":[\\\\\\"logs:CreateLogStream\\\\\\",\\\\\\"logs:PutLogEvents\\\\\\"],\\\\\\"Resource\\\\\\":[\\\\\\"\${aws_cloudwatch_log_group.convert_dev-test-convert_snoop-log-group_60ACED10.arn}\\\\\\",\\\\\\"\${aws_cloudwatch_log_group.convert_dev-test-convert_snoop-log-group_60ACED10.arn}:log-stream:*\\\\\\"],\\\\\\"Effect\\\\\\":\\\\\\"Allow\\\\\\"}]}\\"
      }
    },
    \\"aws_iam_role\\": {
      \\"convert_dev-test-convert_server-role_F58C7130\\": {
        \\"assume_role_policy\\": \\"{\\\\\\"Version\\\\\\":\\\\\\"2012-10-17\\\\\\",\\\\\\"Statement\\\\\\":[{\\\\\\"Action\\\\\\":[\\\\\\"sts:AssumeRole\\\\\\",\\\\\\"sts:SetSourceIdentity\\\\\\"],\\\\\\"Effect\\\\\\":\\\\\\"Allow\\\\\\",\\\\\\"Principal\\\\\\":{\\\\\\"Service\\\\\\":[\\\\\\"lambda.amazonaws.com\\\\\\"]}}]}\\",
        \\"name\\": \\"c8bcd3d089a1134b24ca93de75a9e073893b022bdf\\"
      }
    },
    \\"aws_iam_role_policy_attachment\\": {
      \\"convert_dev-test-convert_server-role_PolicyAttachment_297C54AA\\": {
        \\"policy_arn\\": \\"\${aws_iam_policy.convert_dev-test-convert_server-role_role-policy_ED21D8DA.arn}\\",
        \\"role\\": \\"\${aws_iam_role.convert_dev-test-convert_server-role_F58C7130.name}\\"
      }
    },
    \\"aws_lambda_alias\\": {
      \\"convert_dev-test-convert_alias_070F79C6\\": {
        \\"function_name\\": \\"\${aws_lambda_function.convert_dev-test-convert_fn_7EBED535.arn}\\",
        \\"function_version\\": \\"\${aws_lambda_function.convert_dev-test-convert_fn_7EBED535.version}\\",
        \\"name\\": \\"local\\"
      }
    },
    \\"aws_lambda_function\\": {
      \\"convert_dev-test-convert_fn_7EBED535\\": {
        \\"depends_on\\": [
          \\"aws_cloudwatch_log_group.convert_dev-test-convert_snoop-log-group_60ACED10\\"
        ],
        \\"function_name\\": \\"dev-test-convert-c8b1a291063ff854ee83cd8f744bf6af42b7d37933\\",
        \\"image_uri\\": \\"\${aws_ecr_repository.convert_ecr-repo_ecr-repository_9D2F63EC.repository_url}@\${data.external.convert_dev-test-convert_asset_image_external_879C8C95.result[\\\\\\"sha256Digest\\\\\\"]}\\",
        \\"memory_size\\": 1024,
        \\"package_type\\": \\"Image\\",
        \\"publish\\": true,
        \\"role\\": \\"\${aws_iam_role.convert_dev-test-convert_server-role_F58C7130.arn}\\",
        \\"timeout\\": 900
      }
    },
    \\"aws_lambda_permission\\": {
      \\"convert_lambda-execution-permission_DDC981B8\\": {
        \\"action\\": \\"lambda:InvokeFunction\\",
        \\"function_name\\": \\"\${aws_lambda_function.convert_dev-test-convert_fn_7EBED535.arn}\\",
        \\"principal\\": \\"apigateway.amazonaws.com\\",
        \\"source_arn\\": \\"\${aws_apigatewayv2_api.convert_api_4B4E7BD2.execution_arn}/*/*\\",
        \\"statement_id\\": \\"AllowApiGatewayHTTP\\"
      }
    },
    \\"aws_s3_bucket\\": {
      \\"frontend_bucket_EFDC2F3F\\": {
        \\"bucket_prefix\\": \\"dev-test-convert-frontend\\",
        \\"tags\\": {
          \\"hc-internet-facing\\": \\"true\\"
        }
      },
      \\"frontend_loggingbycket_5D2A07E7\\": {
        \\"bucket_prefix\\": \\"dev-test-convert-cdn-logs\\"
      }
    },
    \\"aws_s3_bucket_policy\\": {
      \\"frontend_s3_policy_42C30805\\": {
        \\"bucket\\": \\"\${aws_s3_bucket.frontend_bucket_EFDC2F3F.id}\\",
        \\"policy\\": \\"{\\\\\\"Version\\\\\\":\\\\\\"2012-10-17\\\\\\",\\\\\\"Id\\\\\\":\\\\\\"PolicyForWebsiteEndpointsPublicContent\\\\\\",\\\\\\"Statement\\\\\\":[{\\\\\\"Sid\\\\\\":\\\\\\"PublicRead\\\\\\",\\\\\\"Effect\\\\\\":\\\\\\"Allow\\\\\\",\\\\\\"Principal\\\\\\":\\\\\\"*\\\\\\",\\\\\\"Action\\\\\\":[\\\\\\"s3:GetObject\\\\\\"],\\\\\\"Resource\\\\\\":[\\\\\\"\${aws_s3_bucket.frontend_bucket_EFDC2F3F.arn}/*\\\\\\",\\\\\\"\${aws_s3_bucket.frontend_bucket_EFDC2F3F.arn}\\\\\\"]}]}\\"
      }
    },
    \\"aws_s3_bucket_website_configuration\\": {
      \\"frontend_website-configuration_53A72F76\\": {
        \\"bucket\\": \\"\${aws_s3_bucket.frontend_bucket_EFDC2F3F.bucket}\\",
        \\"error_document\\": {
          \\"key\\": \\"index.html\\"
        },
        \\"index_document\\": {
          \\"suffix\\": \\"index.html\\"
        }
      }
    },
    \\"aws_s3_object\\": {
      \\"frontend_frontend--asset-manifestjson_8361CF0C\\": {
        \\"bucket\\": \\"\${aws_s3_bucket.frontend_bucket_EFDC2F3F.id}\\",
        \\"content_type\\": \\"application/json\\",
        \\"etag\\": \\"filemd5(\\\\\\"/Users/danielschmidt/work/cdktf-convert-web/frontend/build/asset-manifest.json\\\\\\")\\",
        \\"key\\": \\"asset-manifest.json\\",
        \\"source\\": \\"/Users/danielschmidt/work/cdktf-convert-web/frontend/build/asset-manifest.json\\"
      },
      \\"frontend_frontend--faviconico_13BCBED8\\": {
        \\"bucket\\": \\"\${aws_s3_bucket.frontend_bucket_EFDC2F3F.id}\\",
        \\"content_type\\": \\"image/vnd.microsoft.icon\\",
        \\"etag\\": \\"filemd5(\\\\\\"/Users/danielschmidt/work/cdktf-convert-web/frontend/build/favicon.ico\\\\\\")\\",
        \\"key\\": \\"favicon.ico\\",
        \\"source\\": \\"/Users/danielschmidt/work/cdktf-convert-web/frontend/build/favicon.ico\\"
      },
      \\"frontend_frontend--indexhtml_B95251D9\\": {
        \\"bucket\\": \\"\${aws_s3_bucket.frontend_bucket_EFDC2F3F.id}\\",
        \\"content_type\\": \\"text/html\\",
        \\"etag\\": \\"filemd5(\\\\\\"/Users/danielschmidt/work/cdktf-convert-web/frontend/build/index.html\\\\\\")\\",
        \\"key\\": \\"index.html\\",
        \\"source\\": \\"/Users/danielschmidt/work/cdktf-convert-web/frontend/build/index.html\\"
      },
      \\"frontend_frontend--logo192png_9E9DE2FA\\": {
        \\"bucket\\": \\"\${aws_s3_bucket.frontend_bucket_EFDC2F3F.id}\\",
        \\"content_type\\": \\"image/png\\",
        \\"etag\\": \\"filemd5(\\\\\\"/Users/danielschmidt/work/cdktf-convert-web/frontend/build/logo192.png\\\\\\")\\",
        \\"key\\": \\"logo192.png\\",
        \\"source\\": \\"/Users/danielschmidt/work/cdktf-convert-web/frontend/build/logo192.png\\"
      },
      \\"frontend_frontend--logo512png_C5527876\\": {
        \\"bucket\\": \\"\${aws_s3_bucket.frontend_bucket_EFDC2F3F.id}\\",
        \\"content_type\\": \\"image/png\\",
        \\"etag\\": \\"filemd5(\\\\\\"/Users/danielschmidt/work/cdktf-convert-web/frontend/build/logo512.png\\\\\\")\\",
        \\"key\\": \\"logo512.png\\",
        \\"source\\": \\"/Users/danielschmidt/work/cdktf-convert-web/frontend/build/logo512.png\\"
      },
      \\"frontend_frontend--manifestjson_F780B47D\\": {
        \\"bucket\\": \\"\${aws_s3_bucket.frontend_bucket_EFDC2F3F.id}\\",
        \\"content_type\\": \\"application/json\\",
        \\"etag\\": \\"filemd5(\\\\\\"/Users/danielschmidt/work/cdktf-convert-web/frontend/build/manifest.json\\\\\\")\\",
        \\"key\\": \\"manifest.json\\",
        \\"source\\": \\"/Users/danielschmidt/work/cdktf-convert-web/frontend/build/manifest.json\\"
      },
      \\"frontend_frontend--robotstxt_0B3D9B95\\": {
        \\"bucket\\": \\"\${aws_s3_bucket.frontend_bucket_EFDC2F3F.id}\\",
        \\"content_type\\": \\"text/plain\\",
        \\"etag\\": \\"filemd5(\\\\\\"/Users/danielschmidt/work/cdktf-convert-web/frontend/build/robots.txt\\\\\\")\\",
        \\"key\\": \\"robots.txt\\",
        \\"source\\": \\"/Users/danielschmidt/work/cdktf-convert-web/frontend/build/robots.txt\\"
      },
      \\"frontend_frontend--static--css--maine0477b10css_02568F63\\": {
        \\"bucket\\": \\"\${aws_s3_bucket.frontend_bucket_EFDC2F3F.id}\\",
        \\"content_type\\": \\"text/css\\",
        \\"etag\\": \\"filemd5(\\\\\\"/Users/danielschmidt/work/cdktf-convert-web/frontend/build/static/css/main.e0477b10.css\\\\\\")\\",
        \\"key\\": \\"static/css/main.e0477b10.css\\",
        \\"source\\": \\"/Users/danielschmidt/work/cdktf-convert-web/frontend/build/static/css/main.e0477b10.css\\"
      },
      \\"frontend_frontend--static--css--maine0477b10cssmap_8024F106\\": {
        \\"bucket\\": \\"\${aws_s3_bucket.frontend_bucket_EFDC2F3F.id}\\",
        \\"content_type\\": \\"application/json\\",
        \\"etag\\": \\"filemd5(\\\\\\"/Users/danielschmidt/work/cdktf-convert-web/frontend/build/static/css/main.e0477b10.css.map\\\\\\")\\",
        \\"key\\": \\"static/css/main.e0477b10.css.map\\",
        \\"source\\": \\"/Users/danielschmidt/work/cdktf-convert-web/frontend/build/static/css/main.e0477b10.css.map\\"
      },
      \\"frontend_frontend--static--js--787cda612bachunkjs_D3DE553B\\": {
        \\"bucket\\": \\"\${aws_s3_bucket.frontend_bucket_EFDC2F3F.id}\\",
        \\"content_type\\": \\"application/javascript\\",
        \\"etag\\": \\"filemd5(\\\\\\"/Users/danielschmidt/work/cdktf-convert-web/frontend/build/static/js/787.cda612ba.chunk.js\\\\\\")\\",
        \\"key\\": \\"static/js/787.cda612ba.chunk.js\\",
        \\"source\\": \\"/Users/danielschmidt/work/cdktf-convert-web/frontend/build/static/js/787.cda612ba.chunk.js\\"
      },
      \\"frontend_frontend--static--js--787cda612bachunkjsmap_F6770B95\\": {
        \\"bucket\\": \\"\${aws_s3_bucket.frontend_bucket_EFDC2F3F.id}\\",
        \\"content_type\\": \\"application/json\\",
        \\"etag\\": \\"filemd5(\\\\\\"/Users/danielschmidt/work/cdktf-convert-web/frontend/build/static/js/787.cda612ba.chunk.js.map\\\\\\")\\",
        \\"key\\": \\"static/js/787.cda612ba.chunk.js.map\\",
        \\"source\\": \\"/Users/danielschmidt/work/cdktf-convert-web/frontend/build/static/js/787.cda612ba.chunk.js.map\\"
      },
      \\"frontend_frontend--static--js--main3171b879jsLICENSEtxt_910578AD\\": {
        \\"bucket\\": \\"\${aws_s3_bucket.frontend_bucket_EFDC2F3F.id}\\",
        \\"content_type\\": \\"text/plain\\",
        \\"etag\\": \\"filemd5(\\\\\\"/Users/danielschmidt/work/cdktf-convert-web/frontend/build/static/js/main.3171b879.js.LICENSE.txt\\\\\\")\\",
        \\"key\\": \\"static/js/main.3171b879.js.LICENSE.txt\\",
        \\"source\\": \\"/Users/danielschmidt/work/cdktf-convert-web/frontend/build/static/js/main.3171b879.js.LICENSE.txt\\"
      },
      \\"frontend_frontend--static--js--main3171b879js_99DDE126\\": {
        \\"bucket\\": \\"\${aws_s3_bucket.frontend_bucket_EFDC2F3F.id}\\",
        \\"content_type\\": \\"application/javascript\\",
        \\"etag\\": \\"filemd5(\\\\\\"/Users/danielschmidt/work/cdktf-convert-web/frontend/build/static/js/main.3171b879.js\\\\\\")\\",
        \\"key\\": \\"static/js/main.3171b879.js\\",
        \\"source\\": \\"/Users/danielschmidt/work/cdktf-convert-web/frontend/build/static/js/main.3171b879.js\\"
      },
      \\"frontend_frontend--static--js--main3171b879jsmap_637FB170\\": {
        \\"bucket\\": \\"\${aws_s3_bucket.frontend_bucket_EFDC2F3F.id}\\",
        \\"content_type\\": \\"application/json\\",
        \\"etag\\": \\"filemd5(\\\\\\"/Users/danielschmidt/work/cdktf-convert-web/frontend/build/static/js/main.3171b879.js.map\\\\\\")\\",
        \\"key\\": \\"static/js/main.3171b879.js.map\\",
        \\"source\\": \\"/Users/danielschmidt/work/cdktf-convert-web/frontend/build/static/js/main.3171b879.js.map\\"
      }
    },
    \\"null_resource\\": {
      \\"convert_dev-test-convert_asset_buildAndPush_AEAE8A88\\": {
        \\"depends_on\\": [
          \\"data.aws_ecr_authorization_token.convert_ecr-repo_ecr-repository-token_52EB0F01\\"
        ],
        \\"provisioner\\": {
          \\"local-exec\\": {
            \\"command\\": \\"\\\\n      docker login --username \${data.aws_ecr_authorization_token.convert_ecr-repo_ecr-repository-token_52EB0F01.user_name} --password \${data.aws_ecr_authorization_token.convert_ecr-repo_ecr-repository-token_52EB0F01.password} \${aws_ecr_repository.convert_ecr-repo_ecr-repository_9D2F63EC.repository_url} &&\\\\n      cd /Users/danielschmidt/work/cdktf-convert-web/functions/convert && docker build -t \${aws_ecr_repository.convert_ecr-repo_ecr-repository_9D2F63EC.repository_url} . &&\\\\n      docker push \${aws_ecr_repository.convert_ecr-repo_ecr-repository_9D2F63EC.repository_url}\\\\n    \\"
          }
        },
        \\"triggers\\": {
          \\"folderhash\\": \\"97e953110b4d318b1605d81acf1d592fd17f85af\\",
          \\"name\\": \\"dev-test-convert\\"
        }
      }
    }
  },
  \\"terraform\\": {
    \\"required_providers\\": {
      \\"aws\\": {
        \\"source\\": \\"aws\\",
        \\"version\\": \\"4.9.0\\"
      },
      \\"external\\": {
        \\"source\\": \\"external\\",
        \\"version\\": \\"2.2.2\\"
      },
      \\"null\\": {
        \\"source\\": \\"null\\",
        \\"version\\": \\"2.1.2\\"
      }
    }
  }
}"
`;
